// Jest Snapshot v1, https://goo.gl/fbAQLP

exports[`FilmsList correctly renders FilmCards 1`] = `
<div
  className="catalog__movies-list"
>
  <article
    className="small-movie-card catalog__movies-card"
    onMouseEnter={[Function]}
  >
    <button
      className="small-movie-card__play-btn"
      type="button"
    >
      Play
    </button>
    <div
      className="small-movie-card__image"
    >
      <img
        alt="Bohemian Rhapsody"
        height="175"
        src="img/bohemian-rhapsody.jpg"
        width="280"
      />
    </div>
    <h3
      className="small-movie-card__title"
    >
      <a
        className="small-movie-card__link"
        href="movie-page.html"
      >
        Bohemian Rhapsody
      </a>
    </h3>
  </article>
  <article
    className="small-movie-card catalog__movies-card"
    onMouseEnter={[Function]}
  >
    <button
      className="small-movie-card__play-btn"
      type="button"
    >
      Play
    </button>
    <div
      className="small-movie-card__image"
    >
      <img
        alt="Macbeth"
        height="175"
        src="img/macbeth.jpg"
        width="280"
      />
    </div>
    <h3
      className="small-movie-card__title"
    >
      <a
        className="small-movie-card__link"
        href="movie-page.html"
      >
        Macbeth
      </a>
    </h3>
  </article>
  <article
    className="small-movie-card catalog__movies-card"
    onMouseEnter={[Function]}
  >
    <button
      className="small-movie-card__play-btn"
      type="button"
    >
      Play
    </button>
    <div
      className="small-movie-card__image"
    >
      <img
        alt="Pulp Fiction"
        height="175"
        src="img/pulp-fiction.jpg"
        width="280"
      />
    </div>
    <h3
      className="small-movie-card__title"
    >
      <a
        className="small-movie-card__link"
        href="movie-page.html"
      >
        Pulp Fiction
      </a>
    </h3>
  </article>
</div>
`;
